<?xml version="1.0"?>
<link_info>
   <banner>MSP430 Linker PC v16.9.6.LTS</banner>
   <copyright>Copyright (c) 2003-2017 Texas Instruments Incorporated</copyright>
   <link_time>0x5afb924f</link_time>
   <link_errors>0x0</link_errors>
   <output_file>Blink.out</output_file>
   <entry_point>
      <name>_c_int00_noargs_noexit</name>
      <address>0xfdc2</address>
   </entry_point>
   <input_file_list>
      <input_file id="fl-2">
         <path>.\</path>
         <kind>object</kind>
         <file>smain.obj</file>
         <name>smain.obj</name>
      </input_file>
      <input_file id="fl-7">
         <kind>object</kind>
         <file>&lt;internal&gt;</file>
         <name>&lt;internal&gt;</name>
      </input_file>
      <input_file id="fl-1d">
         <path>C:\ti\ccsv7\tools\compiler\ti-cgt-msp430_16.9.6.LTS\lib\</path>
         <kind>archive</kind>
         <file>rts430_eabi.lib</file>
         <name>addd.obj</name>
      </input_file>
      <input_file id="fl-1e">
         <path>C:\ti\ccsv7\tools\compiler\ti-cgt-msp430_16.9.6.LTS\lib\</path>
         <kind>archive</kind>
         <file>rts430_eabi.lib</file>
         <name>asr16.obj</name>
      </input_file>
      <input_file id="fl-1f">
         <path>C:\ti\ccsv7\tools\compiler\ti-cgt-msp430_16.9.6.LTS\lib\</path>
         <kind>archive</kind>
         <file>rts430_eabi.lib</file>
         <name>boot.obj</name>
      </input_file>
      <input_file id="fl-20">
         <path>C:\ti\ccsv7\tools\compiler\ti-cgt-msp430_16.9.6.LTS\lib\</path>
         <kind>archive</kind>
         <file>rts430_eabi.lib</file>
         <name>boot_special.obj</name>
      </input_file>
      <input_file id="fl-21">
         <path>C:\ti\ccsv7\tools\compiler\ti-cgt-msp430_16.9.6.LTS\lib\</path>
         <kind>archive</kind>
         <file>rts430_eabi.lib</file>
         <name>copy_decompress_lzss.obj</name>
      </input_file>
      <input_file id="fl-22">
         <path>C:\ti\ccsv7\tools\compiler\ti-cgt-msp430_16.9.6.LTS\lib\</path>
         <kind>archive</kind>
         <file>rts430_eabi.lib</file>
         <name>copy_decompress_none.obj</name>
      </input_file>
      <input_file id="fl-23">
         <path>C:\ti\ccsv7\tools\compiler\ti-cgt-msp430_16.9.6.LTS\lib\</path>
         <kind>archive</kind>
         <file>rts430_eabi.lib</file>
         <name>copy_zero_init.obj</name>
      </input_file>
      <input_file id="fl-24">
         <path>C:\ti\ccsv7\tools\compiler\ti-cgt-msp430_16.9.6.LTS\lib\</path>
         <kind>archive</kind>
         <file>rts430_eabi.lib</file>
         <name>cvtdf.obj</name>
      </input_file>
      <input_file id="fl-25">
         <path>C:\ti\ccsv7\tools\compiler\ti-cgt-msp430_16.9.6.LTS\lib\</path>
         <kind>archive</kind>
         <file>rts430_eabi.lib</file>
         <name>cvtfd.obj</name>
      </input_file>
      <input_file id="fl-26">
         <path>C:\ti\ccsv7\tools\compiler\ti-cgt-msp430_16.9.6.LTS\lib\</path>
         <kind>archive</kind>
         <file>rts430_eabi.lib</file>
         <name>divd.obj</name>
      </input_file>
      <input_file id="fl-27">
         <path>C:\ti\ccsv7\tools\compiler\ti-cgt-msp430_16.9.6.LTS\lib\</path>
         <kind>archive</kind>
         <file>rts430_eabi.lib</file>
         <name>e_log10.obj</name>
      </input_file>
      <input_file id="fl-28">
         <path>C:\ti\ccsv7\tools\compiler\ti-cgt-msp430_16.9.6.LTS\lib\</path>
         <kind>archive</kind>
         <file>rts430_eabi.lib</file>
         <name>e_pow.obj</name>
      </input_file>
      <input_file id="fl-29">
         <path>C:\ti\ccsv7\tools\compiler\ti-cgt-msp430_16.9.6.LTS\lib\</path>
         <kind>archive</kind>
         <file>rts430_eabi.lib</file>
         <name>e_sqrt.obj</name>
      </input_file>
      <input_file id="fl-2a">
         <path>C:\ti\ccsv7\tools\compiler\ti-cgt-msp430_16.9.6.LTS\lib\</path>
         <kind>archive</kind>
         <file>rts430_eabi.lib</file>
         <name>epilog.obj</name>
      </input_file>
      <input_file id="fl-2b">
         <path>C:\ti\ccsv7\tools\compiler\ti-cgt-msp430_16.9.6.LTS\lib\</path>
         <kind>archive</kind>
         <file>rts430_eabi.lib</file>
         <name>errno.obj</name>
      </input_file>
      <input_file id="fl-2c">
         <path>C:\ti\ccsv7\tools\compiler\ti-cgt-msp430_16.9.6.LTS\lib\</path>
         <kind>archive</kind>
         <file>rts430_eabi.lib</file>
         <name>exit.obj</name>
      </input_file>
      <input_file id="fl-2d">
         <path>C:\ti\ccsv7\tools\compiler\ti-cgt-msp430_16.9.6.LTS\lib\</path>
         <kind>archive</kind>
         <file>rts430_eabi.lib</file>
         <name>exit_gvars.obj</name>
      </input_file>
      <input_file id="fl-2e">
         <path>C:\ti\ccsv7\tools\compiler\ti-cgt-msp430_16.9.6.LTS\lib\</path>
         <kind>archive</kind>
         <file>rts430_eabi.lib</file>
         <name>fltid.obj</name>
      </input_file>
      <input_file id="fl-2f">
         <path>C:\ti\ccsv7\tools\compiler\ti-cgt-msp430_16.9.6.LTS\lib\</path>
         <kind>archive</kind>
         <file>rts430_eabi.lib</file>
         <name>fltlid.obj</name>
      </input_file>
      <input_file id="fl-30">
         <path>C:\ti\ccsv7\tools\compiler\ti-cgt-msp430_16.9.6.LTS\lib\</path>
         <kind>archive</kind>
         <file>rts430_eabi.lib</file>
         <name>frcaddd.obj</name>
      </input_file>
      <input_file id="fl-31">
         <path>C:\ti\ccsv7\tools\compiler\ti-cgt-msp430_16.9.6.LTS\lib\</path>
         <kind>archive</kind>
         <file>rts430_eabi.lib</file>
         <name>frcdivd.obj</name>
      </input_file>
      <input_file id="fl-32">
         <path>C:\ti\ccsv7\tools\compiler\ti-cgt-msp430_16.9.6.LTS\lib\</path>
         <kind>archive</kind>
         <file>rts430_eabi.lib</file>
         <name>fs_add.obj</name>
      </input_file>
      <input_file id="fl-33">
         <path>C:\ti\ccsv7\tools\compiler\ti-cgt-msp430_16.9.6.LTS\lib\</path>
         <kind>archive</kind>
         <file>rts430_eabi.lib</file>
         <name>fs_div.obj</name>
      </input_file>
      <input_file id="fl-34">
         <path>C:\ti\ccsv7\tools\compiler\ti-cgt-msp430_16.9.6.LTS\lib\</path>
         <kind>archive</kind>
         <file>rts430_eabi.lib</file>
         <name>fs_mpy.obj</name>
      </input_file>
      <input_file id="fl-35">
         <path>C:\ti\ccsv7\tools\compiler\ti-cgt-msp430_16.9.6.LTS\lib\</path>
         <kind>archive</kind>
         <file>rts430_eabi.lib</file>
         <name>int00.obj</name>
      </input_file>
      <input_file id="fl-36">
         <path>C:\ti\ccsv7\tools\compiler\ti-cgt-msp430_16.9.6.LTS\lib\</path>
         <kind>archive</kind>
         <file>rts430_eabi.lib</file>
         <name>int02.obj</name>
      </input_file>
      <input_file id="fl-37">
         <path>C:\ti\ccsv7\tools\compiler\ti-cgt-msp430_16.9.6.LTS\lib\</path>
         <kind>archive</kind>
         <file>rts430_eabi.lib</file>
         <name>int03.obj</name>
      </input_file>
      <input_file id="fl-38">
         <path>C:\ti\ccsv7\tools\compiler\ti-cgt-msp430_16.9.6.LTS\lib\</path>
         <kind>archive</kind>
         <file>rts430_eabi.lib</file>
         <name>int05.obj</name>
      </input_file>
      <input_file id="fl-39">
         <path>C:\ti\ccsv7\tools\compiler\ti-cgt-msp430_16.9.6.LTS\lib\</path>
         <kind>archive</kind>
         <file>rts430_eabi.lib</file>
         <name>int06.obj</name>
      </input_file>
      <input_file id="fl-3a">
         <path>C:\ti\ccsv7\tools\compiler\ti-cgt-msp430_16.9.6.LTS\lib\</path>
         <kind>archive</kind>
         <file>rts430_eabi.lib</file>
         <name>int08.obj</name>
      </input_file>
      <input_file id="fl-3b">
         <path>C:\ti\ccsv7\tools\compiler\ti-cgt-msp430_16.9.6.LTS\lib\</path>
         <kind>archive</kind>
         <file>rts430_eabi.lib</file>
         <name>int09.obj</name>
      </input_file>
      <input_file id="fl-3c">
         <path>C:\ti\ccsv7\tools\compiler\ti-cgt-msp430_16.9.6.LTS\lib\</path>
         <kind>archive</kind>
         <file>rts430_eabi.lib</file>
         <name>int10.obj</name>
      </input_file>
      <input_file id="fl-3d">
         <path>C:\ti\ccsv7\tools\compiler\ti-cgt-msp430_16.9.6.LTS\lib\</path>
         <kind>archive</kind>
         <file>rts430_eabi.lib</file>
         <name>int11.obj</name>
      </input_file>
      <input_file id="fl-3e">
         <path>C:\ti\ccsv7\tools\compiler\ti-cgt-msp430_16.9.6.LTS\lib\</path>
         <kind>archive</kind>
         <file>rts430_eabi.lib</file>
         <name>int12.obj</name>
      </input_file>
      <input_file id="fl-3f">
         <path>C:\ti\ccsv7\tools\compiler\ti-cgt-msp430_16.9.6.LTS\lib\</path>
         <kind>archive</kind>
         <file>rts430_eabi.lib</file>
         <name>int13.obj</name>
      </input_file>
      <input_file id="fl-40">
         <path>C:\ti\ccsv7\tools\compiler\ti-cgt-msp430_16.9.6.LTS\lib\</path>
         <kind>archive</kind>
         <file>rts430_eabi.lib</file>
         <name>int14.obj</name>
      </input_file>
      <input_file id="fl-41">
         <path>C:\ti\ccsv7\tools\compiler\ti-cgt-msp430_16.9.6.LTS\lib\</path>
         <kind>archive</kind>
         <file>rts430_eabi.lib</file>
         <name>isr_trap.obj</name>
      </input_file>
      <input_file id="fl-42">
         <path>C:\ti\ccsv7\tools\compiler\ti-cgt-msp430_16.9.6.LTS\lib\</path>
         <kind>archive</kind>
         <file>rts430_eabi.lib</file>
         <name>lsl16.obj</name>
      </input_file>
      <input_file id="fl-43">
         <path>C:\ti\ccsv7\tools\compiler\ti-cgt-msp430_16.9.6.LTS\lib\</path>
         <kind>archive</kind>
         <file>rts430_eabi.lib</file>
         <name>lsl32.obj</name>
      </input_file>
      <input_file id="fl-44">
         <path>C:\ti\ccsv7\tools\compiler\ti-cgt-msp430_16.9.6.LTS\lib\</path>
         <kind>archive</kind>
         <file>rts430_eabi.lib</file>
         <name>lsr16.obj</name>
      </input_file>
      <input_file id="fl-45">
         <path>C:\ti\ccsv7\tools\compiler\ti-cgt-msp430_16.9.6.LTS\lib\</path>
         <kind>archive</kind>
         <file>rts430_eabi.lib</file>
         <name>lsr32.obj</name>
      </input_file>
      <input_file id="fl-46">
         <path>C:\ti\ccsv7\tools\compiler\ti-cgt-msp430_16.9.6.LTS\lib\</path>
         <kind>archive</kind>
         <file>rts430_eabi.lib</file>
         <name>lsr64.obj</name>
      </input_file>
      <input_file id="fl-47">
         <path>C:\ti\ccsv7\tools\compiler\ti-cgt-msp430_16.9.6.LTS\lib\</path>
         <kind>archive</kind>
         <file>rts430_eabi.lib</file>
         <name>memcpy.obj</name>
      </input_file>
      <input_file id="fl-48">
         <path>C:\ti\ccsv7\tools\compiler\ti-cgt-msp430_16.9.6.LTS\lib\</path>
         <kind>archive</kind>
         <file>rts430_eabi.lib</file>
         <name>mpu_init.obj</name>
      </input_file>
      <input_file id="fl-49">
         <path>C:\ti\ccsv7\tools\compiler\ti-cgt-msp430_16.9.6.LTS\lib\</path>
         <kind>archive</kind>
         <file>rts430_eabi.lib</file>
         <name>mpyd.obj</name>
      </input_file>
      <input_file id="fl-4a">
         <path>C:\ti\ccsv7\tools\compiler\ti-cgt-msp430_16.9.6.LTS\lib\</path>
         <kind>archive</kind>
         <file>rts430_eabi.lib</file>
         <name>mult16.obj</name>
      </input_file>
      <input_file id="fl-4b">
         <path>C:\ti\ccsv7\tools\compiler\ti-cgt-msp430_16.9.6.LTS\lib\</path>
         <kind>archive</kind>
         <file>rts430_eabi.lib</file>
         <name>mult32.obj</name>
      </input_file>
      <input_file id="fl-4c">
         <path>C:\ti\ccsv7\tools\compiler\ti-cgt-msp430_16.9.6.LTS\lib\</path>
         <kind>archive</kind>
         <file>rts430_eabi.lib</file>
         <name>negd.obj</name>
      </input_file>
      <input_file id="fl-4d">
         <path>C:\ti\ccsv7\tools\compiler\ti-cgt-msp430_16.9.6.LTS\lib\</path>
         <kind>archive</kind>
         <file>rts430_eabi.lib</file>
         <name>pre_init.obj</name>
      </input_file>
      <input_file id="fl-4e">
         <path>C:\ti\ccsv7\tools\compiler\ti-cgt-msp430_16.9.6.LTS\lib\</path>
         <kind>archive</kind>
         <file>rts430_eabi.lib</file>
         <name>renormd.obj</name>
      </input_file>
      <input_file id="fl-4f">
         <path>C:\ti\ccsv7\tools\compiler\ti-cgt-msp430_16.9.6.LTS\lib\</path>
         <kind>archive</kind>
         <file>rts430_eabi.lib</file>
         <name>s_scalbn.obj</name>
      </input_file>
      <input_file id="fl-50">
         <path>C:\ti\ccsv7\tools\compiler\ti-cgt-msp430_16.9.6.LTS\lib\</path>
         <kind>archive</kind>
         <file>rts430_eabi.lib</file>
         <name>subd.obj</name>
      </input_file>
      <input_file id="fl-51">
         <path>C:\ti\ccsv7\tools\compiler\ti-cgt-msp430_16.9.6.LTS\lib\</path>
         <kind>archive</kind>
         <file>rts430_eabi.lib</file>
         <name>_lock.obj</name>
      </input_file>
      <input_file id="fl-52">
         <path>C:\ti\ccsv7\tools\compiler\ti-cgt-msp430_16.9.6.LTS\lib\</path>
         <kind>archive</kind>
         <file>rts430_eabi.lib</file>
         <name>args_main.obj</name>
      </input_file>
      <input_file id="fl-53">
         <path>C:\ti\ccsv7\tools\compiler\ti-cgt-msp430_16.9.6.LTS\lib\</path>
         <kind>archive</kind>
         <file>rts430_eabi.lib</file>
         <name>asr32.obj</name>
      </input_file>
      <input_file id="fl-54">
         <path>C:\ti\ccsv7\tools\compiler\ti-cgt-msp430_16.9.6.LTS\lib\</path>
         <kind>archive</kind>
         <file>rts430_eabi.lib</file>
         <name>autoinit.obj</name>
      </input_file>
      <input_file id="fl-55">
         <path>C:\ti\ccsv7\tools\compiler\ti-cgt-msp430_16.9.6.LTS\lib\</path>
         <kind>archive</kind>
         <file>rts430_eabi.lib</file>
         <name>cmpd.obj</name>
      </input_file>
      <input_file id="fl-56">
         <path>C:\ti\ccsv7\tools\compiler\ti-cgt-msp430_16.9.6.LTS\lib\</path>
         <kind>archive</kind>
         <file>rts430_eabi.lib</file>
         <name>cpy_tbl.obj</name>
      </input_file>
      <input_file id="fl-57">
         <path>C:\ti\ccsv7\tools\compiler\ti-cgt-msp430_16.9.6.LTS\lib\</path>
         <kind>archive</kind>
         <file>rts430_eabi.lib</file>
         <name>frcmpyd.obj</name>
      </input_file>
      <input_file id="fl-58">
         <path>C:\ti\ccsv7\tools\compiler\ti-cgt-msp430_16.9.6.LTS\lib\</path>
         <kind>archive</kind>
         <file>rts430_eabi.lib</file>
         <name>s_copysign.obj</name>
      </input_file>
      <input_file id="fl-59">
         <path>C:\ti\ccsv7\tools\compiler\ti-cgt-msp430_16.9.6.LTS\lib\</path>
         <kind>archive</kind>
         <file>rts430_eabi.lib</file>
         <name>startup.obj</name>
      </input_file>
   </input_file_list>
   <object_component_list>
      <object_component id="oc-22e">
         <name>.common:itemp</name>
         <uninitialized>true</uninitialized>
         <run_address>0x258</run_address>
         <size>0x2</size>
      </object_component>
      <object_component id="oc-1e4">
         <name>.common:xx</name>
         <uninitialized>true</uninitialized>
         <run_address>0x24a</run_address>
         <size>0x4</size>
      </object_component>
      <object_component id="oc-1e5">
         <name>.common:yy</name>
         <uninitialized>true</uninitialized>
         <run_address>0x24e</run_address>
         <size>0x4</size>
      </object_component>
      <object_component id="oc-182">
         <name>.common:cRSSI0</name>
         <uninitialized>true</uninitialized>
         <run_address>0x252</run_address>
         <size>0x2</size>
      </object_component>
      <object_component id="oc-188">
         <name>.common:cRSSI1</name>
         <uninitialized>true</uninitialized>
         <run_address>0x254</run_address>
         <size>0x2</size>
      </object_component>
      <object_component id="oc-18c">
         <name>.common:cRSSI2</name>
         <uninitialized>true</uninitialized>
         <run_address>0x256</run_address>
         <size>0x2</size>
      </object_component>
      <object_component id="oc-17c">
         <name>.data</name>
         <load_address>0x200</load_address>
         <run_address>0x200</run_address>
         <size>0x2e</size>
         <input_file_ref idref="fl-2"/>
      </object_component>
      <object_component id="oc-17f">
         <name>.data:Name0</name>
         <load_address>0x244</load_address>
         <run_address>0x244</run_address>
         <size>0x4</size>
         <input_file_ref idref="fl-2"/>
      </object_component>
      <object_component id="oc-185">
         <name>.data:Name1</name>
         <load_address>0x22e</load_address>
         <run_address>0x22e</run_address>
         <size>0xb</size>
         <input_file_ref idref="fl-2"/>
      </object_component>
      <object_component id="oc-189">
         <name>.data:Name2</name>
         <load_address>0x23a</load_address>
         <run_address>0x23a</run_address>
         <size>0xa</size>
         <input_file_ref idref="fl-2"/>
      </object_component>
      <object_component id="oc-298">
         <name>.data</name>
         <load_address>0x248</load_address>
         <run_address>0x248</run_address>
         <size>0x2</size>
         <input_file_ref idref="fl-2b"/>
      </object_component>
      <object_component id="oc-f1">
         <name>.stack</name>
         <uninitialized>true</uninitialized>
         <run_address>0x3b0</run_address>
         <size>0x2</size>
         <input_file_ref idref="fl-1f"/>
      </object_component>
      <object_component id="oc-38c">
         <name>.stack</name>
         <uninitialized>true</uninitialized>
         <run_address>0x3b0</run_address>
         <size>0x0</size>
      </object_component>
      <object_component id="oc-257">
         <name>.text:pow</name>
         <load_address>0xc000</load_address>
         <run_address>0xc000</run_address>
         <size>0x1168</size>
         <input_file_ref idref="fl-28"/>
      </object_component>
      <object_component id="oc-239">
         <name>.text:log10</name>
         <load_address>0xd168</load_address>
         <run_address>0xd168</run_address>
         <size>0x51a</size>
         <input_file_ref idref="fl-27"/>
      </object_component>
      <object_component id="oc-2b7">
         <name>.text:__TI_frcdivd</name>
         <load_address>0xd682</load_address>
         <run_address>0xd682</run_address>
         <size>0x480</size>
         <input_file_ref idref="fl-31"/>
      </object_component>
      <object_component id="oc-1e6">
         <name>.text:getTrilateration</name>
         <load_address>0xdb02</load_address>
         <run_address>0xdb02</run_address>
         <size>0x430</size>
         <input_file_ref idref="fl-2"/>
      </object_component>
      <object_component id="oc-2ce">
         <name>.text:sqrt</name>
         <load_address>0xdf32</load_address>
         <run_address>0xdf32</run_address>
         <size>0x2f8</size>
         <input_file_ref idref="fl-29"/>
      </object_component>
      <object_component id="oc-24b">
         <name>.text:__mspabi_addd</name>
         <load_address>0xe22a</load_address>
         <run_address>0xe22a</run_address>
         <size>0x2e8</size>
         <input_file_ref idref="fl-1d"/>
      </object_component>
      <object_component id="oc-2a6">
         <name>.text:__TI_frcmpyd</name>
         <load_address>0xe512</load_address>
         <run_address>0xe512</run_address>
         <size>0x286</size>
         <input_file_ref idref="fl-57"/>
      </object_component>
      <object_component id="oc-23f">
         <name>.text:__mspabi_mpyd</name>
         <load_address>0xe798</load_address>
         <run_address>0xe798</run_address>
         <size>0x26e</size>
         <input_file_ref idref="fl-49"/>
      </object_component>
      <object_component id="oc-2af">
         <name>.text:__TI_frcaddd</name>
         <load_address>0xea06</load_address>
         <run_address>0xea06</run_address>
         <size>0x260</size>
         <input_file_ref idref="fl-30"/>
      </object_component>
      <object_component id="oc-251">
         <name>.text:__mspabi_divd</name>
         <load_address>0xec66</load_address>
         <run_address>0xec66</run_address>
         <size>0x238</size>
         <input_file_ref idref="fl-26"/>
      </object_component>
      <object_component id="oc-14e">
         <name>.text:main</name>
         <load_address>0xee9e</load_address>
         <run_address>0xee9e</run_address>
         <size>0x1fa</size>
         <input_file_ref idref="fl-2"/>
      </object_component>
      <object_component id="oc-2e9">
         <name>.text:scalbn</name>
         <load_address>0xf098</load_address>
         <run_address>0xf098</run_address>
         <size>0x1a4</size>
         <input_file_ref idref="fl-4f"/>
      </object_component>
      <object_component id="oc-26a">
         <name>.text</name>
         <load_address>0xf23c</load_address>
         <run_address>0xf23c</run_address>
         <size>0x132</size>
         <input_file_ref idref="fl-32"/>
      </object_component>
      <object_component id="oc-121">
         <name>.text:RecUART</name>
         <load_address>0xf36e</load_address>
         <run_address>0xf36e</run_address>
         <size>0x10c</size>
         <input_file_ref idref="fl-2"/>
      </object_component>
      <object_component id="oc-2e3">
         <name>.text:__mspabi_cmpd</name>
         <load_address>0xf47a</load_address>
         <run_address>0xf47a</run_address>
         <size>0xdc</size>
         <input_file_ref idref="fl-55"/>
      </object_component>
      <object_component id="oc-26f">
         <name>.text</name>
         <load_address>0xf556</load_address>
         <run_address>0xf556</run_address>
         <size>0xc4</size>
         <input_file_ref idref="fl-34"/>
      </object_component>
      <object_component id="oc-312">
         <name>.text:__TI_renormd</name>
         <load_address>0xf61a</load_address>
         <run_address>0xf61a</run_address>
         <size>0xbe</size>
         <input_file_ref idref="fl-4e"/>
      </object_component>
      <object_component id="oc-232">
         <name>.text:__mspabi_fltlid</name>
         <load_address>0xf6d8</load_address>
         <run_address>0xf6d8</run_address>
         <size>0xac</size>
         <input_file_ref idref="fl-2f"/>
      </object_component>
      <object_component id="oc-1de">
         <name>.text:getDistances</name>
         <load_address>0xf784</load_address>
         <run_address>0xf784</run_address>
         <size>0xa8</size>
         <input_file_ref idref="fl-2"/>
      </object_component>
      <object_component id="oc-274">
         <name>.text</name>
         <load_address>0xf82c</load_address>
         <run_address>0xf82c</run_address>
         <size>0x9c</size>
         <input_file_ref idref="fl-33"/>
      </object_component>
      <object_component id="oc-25d">
         <name>.text:__mspabi_cvtdf</name>
         <load_address>0xf8c8</load_address>
         <run_address>0xf8c8</run_address>
         <size>0x8c</size>
         <input_file_ref idref="fl-24"/>
      </object_component>
      <object_component id="oc-34">
         <name>.text:decompress:lzss:__TI_decompress_lzss</name>
         <load_address>0xf954</load_address>
         <run_address>0xf954</run_address>
         <size>0x7c</size>
         <input_file_ref idref="fl-21"/>
      </object_component>
      <object_component id="oc-264">
         <name>.text:__mspabi_cvtfd</name>
         <load_address>0xf9d0</load_address>
         <run_address>0xf9d0</run_address>
         <size>0x72</size>
         <input_file_ref idref="fl-25"/>
      </object_component>
      <object_component id="oc-134">
         <name>.text:_auto_init</name>
         <load_address>0xfa42</load_address>
         <run_address>0xfa42</run_address>
         <size>0x6e</size>
         <input_file_ref idref="fl-54"/>
      </object_component>
      <object_component id="oc-28c">
         <name>.text:l_lsr_const</name>
         <load_address>0xfab0</load_address>
         <run_address>0xfab0</run_address>
         <size>0x5c</size>
         <input_file_ref idref="fl-45"/>
      </object_component>
      <object_component id="oc-191">
         <name>.text:copy_in</name>
         <load_address>0xfb0c</load_address>
         <run_address>0xfb0c</run_address>
         <size>0x5a</size>
         <input_file_ref idref="fl-56"/>
      </object_component>
      <object_component id="oc-fa">
         <name>.text</name>
         <load_address>0xfb66</load_address>
         <run_address>0xfb66</run_address>
         <size>0x4c</size>
         <input_file_ref idref="fl-44"/>
      </object_component>
      <object_component id="oc-2f3">
         <name>.text:l_asr_const</name>
         <load_address>0xfbb2</load_address>
         <run_address>0xfbb2</run_address>
         <size>0x3e</size>
         <input_file_ref idref="fl-53"/>
      </object_component>
      <object_component id="oc-287">
         <name>.text:l_lsl_const</name>
         <load_address>0xfbf0</load_address>
         <run_address>0xfbf0</run_address>
         <size>0x3e</size>
         <input_file_ref idref="fl-43"/>
      </object_component>
      <object_component id="oc-245">
         <name>.text:__mspabi_subd</name>
         <load_address>0xfc2e</load_address>
         <run_address>0xfc2e</run_address>
         <size>0x2e</size>
         <input_file_ref idref="fl-50"/>
      </object_component>
      <object_component id="oc-32d">
         <name>.text:copysign</name>
         <load_address>0xfc5c</load_address>
         <run_address>0xfc5c</run_address>
         <size>0x2e</size>
         <input_file_ref idref="fl-58"/>
      </object_component>
      <object_component id="oc-1cc">
         <name>.text:UARTSendString</name>
         <load_address>0xfc8a</load_address>
         <run_address>0xfc8a</run_address>
         <size>0x2c</size>
         <input_file_ref idref="fl-2"/>
      </object_component>
      <object_component id="oc-1bf">
         <name>.text:Uart_Config</name>
         <load_address>0xfcb6</load_address>
         <run_address>0xfcb6</run_address>
         <size>0x2c</size>
         <input_file_ref idref="fl-2"/>
      </object_component>
      <object_component id="oc-29b">
         <name>.text</name>
         <load_address>0xfce2</load_address>
         <run_address>0xfce2</run_address>
         <size>0x2c</size>
         <input_file_ref idref="fl-1e"/>
      </object_component>
      <object_component id="oc-f5">
         <name>.text</name>
         <load_address>0xfd0e</load_address>
         <run_address>0xfd0e</run_address>
         <size>0x2c</size>
         <input_file_ref idref="fl-42"/>
      </object_component>
      <object_component id="oc-2d4">
         <name>.text:__mspabi_negd</name>
         <load_address>0xfd3a</load_address>
         <run_address>0xfd3a</run_address>
         <size>0x2a</size>
         <input_file_ref idref="fl-4c"/>
      </object_component>
      <object_component id="oc-309">
         <name>.text</name>
         <load_address>0xfd64</load_address>
         <run_address>0xfd64</run_address>
         <size>0x26</size>
         <input_file_ref idref="fl-4b"/>
      </object_component>
      <object_component id="oc-1c5">
         <name>.text:mystrlen</name>
         <load_address>0xfd8a</load_address>
         <run_address>0xfd8a</run_address>
         <size>0x1c</size>
         <input_file_ref idref="fl-2"/>
      </object_component>
      <object_component id="oc-1d2">
         <name>.text:mystrtoint</name>
         <load_address>0xfda6</load_address>
         <run_address>0xfda6</run_address>
         <size>0x1c</size>
         <input_file_ref idref="fl-2"/>
      </object_component>
      <object_component id="oc-6b">
         <name>.text:_c_int00_noargs_noexit</name>
         <load_address>0xfdc2</load_address>
         <run_address>0xfdc2</run_address>
         <size>0x1a</size>
         <input_file_ref idref="fl-20"/>
      </object_component>
      <object_component id="oc-4d">
         <name>.text:decompress:ZI:__TI_zero_init</name>
         <load_address>0xfddc</load_address>
         <run_address>0xfddc</run_address>
         <size>0x14</size>
         <input_file_ref idref="fl-23"/>
      </object_component>
      <object_component id="oc-1fc">
         <name>.text</name>
         <load_address>0xfdf0</load_address>
         <run_address>0xfdf0</run_address>
         <size>0x14</size>
         <input_file_ref idref="fl-4a"/>
      </object_component>
      <object_component id="oc-1b3">
         <name>.text:Clock_Config</name>
         <load_address>0xfe04</load_address>
         <run_address>0xfe04</run_address>
         <size>0x12</size>
         <input_file_ref idref="fl-2"/>
      </object_component>
      <object_component id="oc-3a">
         <name>.text:decompress:none:__TI_decompress_none</name>
         <load_address>0xfe16</load_address>
         <run_address>0xfe16</run_address>
         <size>0x12</size>
         <input_file_ref idref="fl-22"/>
      </object_component>
      <object_component id="oc-2c9">
         <name>.text:l_lsr</name>
         <load_address>0xfe28</load_address>
         <run_address>0xfe28</run_address>
         <size>0x12</size>
         <input_file_ref idref="fl-45"/>
      </object_component>
      <object_component id="oc-10f">
         <name>.text:memcpy</name>
         <load_address>0xfe3a</load_address>
         <run_address>0xfe3a</run_address>
         <size>0x12</size>
         <input_file_ref idref="fl-47"/>
      </object_component>
      <object_component id="oc-2bf">
         <name>.text:l_asr</name>
         <load_address>0xfe4c</load_address>
         <run_address>0xfe4c</run_address>
         <size>0x10</size>
         <input_file_ref idref="fl-53"/>
      </object_component>
      <object_component id="oc-2c4">
         <name>.text:l_lsl</name>
         <load_address>0xfe5c</load_address>
         <run_address>0xfe5c</run_address>
         <size>0x10</size>
         <input_file_ref idref="fl-43"/>
      </object_component>
      <object_component id="oc-ff">
         <name>.text</name>
         <load_address>0xfe6c</load_address>
         <run_address>0xfe6c</run_address>
         <size>0x10</size>
         <input_file_ref idref="fl-2a"/>
      </object_component>
      <object_component id="oc-1b9">
         <name>.text:IO_Config</name>
         <load_address>0xfe7c</load_address>
         <run_address>0xfe7c</run_address>
         <size>0xe</size>
         <input_file_ref idref="fl-2"/>
      </object_component>
      <object_component id="oc-1d8">
         <name>.text:__mspabi_fltid</name>
         <load_address>0xfe8a</load_address>
         <run_address>0xfe8a</run_address>
         <size>0xc</size>
         <input_file_ref idref="fl-2e"/>
      </object_component>
      <object_component id="oc-11c">
         <name>.text:_isr:__TI_ISR_TRAP</name>
         <load_address>0xfe96</load_address>
         <run_address>0xfe96</run_address>
         <size>0x8</size>
         <input_file_ref idref="fl-41"/>
      </object_component>
      <object_component id="oc-156">
         <name>.text:abort</name>
         <load_address>0xfe9e</load_address>
         <run_address>0xfe9e</run_address>
         <size>0x6</size>
         <input_file_ref idref="fl-2c"/>
      </object_component>
      <object_component id="oc-12e">
         <name>.text:_system_pre_init</name>
         <load_address>0xfea4</load_address>
         <run_address>0xfea4</run_address>
         <size>0x4</size>
         <input_file_ref idref="fl-4d"/>
      </object_component>
      <object_component id="oc-197">
         <name>.text:_system_post_cinit</name>
         <load_address>0xfea8</load_address>
         <run_address>0xfea8</run_address>
         <size>0x2</size>
         <input_file_ref idref="fl-59"/>
      </object_component>
      <object_component id="oc-38b">
         <name>.cinit..data.load</name>
         <load_address>0xff5a</load_address>
         <run_address>0xff5a</run_address>
         <size>0x20</size>
      </object_component>
      <object_component id="oc-388">
         <name>__TI_handler_table</name>
         <load_address>0xff7a</load_address>
         <run_address>0xff7a</run_address>
         <size>0x6</size>
      </object_component>
      <object_component id="oc-38a">
         <name>.cinit..bss.load</name>
         <load_address>0xff80</load_address>
         <run_address>0xff80</run_address>
         <size>0x4</size>
      </object_component>
      <object_component id="oc-389">
         <name>__TI_cinit_table</name>
         <load_address>0xff84</load_address>
         <run_address>0xff84</run_address>
         <size>0x8</size>
      </object_component>
      <object_component id="oc-1cb">
         <name>.const:.string</name>
         <load_address>0xfeaa</load_address>
         <run_address>0xfeaa</run_address>
         <size>0x80</size>
         <input_file_ref idref="fl-2"/>
      </object_component>
      <object_component id="oc-2da">
         <name>.const:bp</name>
         <load_address>0xff2a</load_address>
         <run_address>0xff2a</run_address>
         <size>0x10</size>
         <input_file_ref idref="fl-28"/>
      </object_component>
      <object_component id="oc-2dd">
         <name>.const:dp_h</name>
         <load_address>0xff3a</load_address>
         <run_address>0xff3a</run_address>
         <size>0x10</size>
         <input_file_ref idref="fl-28"/>
      </object_component>
      <object_component id="oc-2e0">
         <name>.const:dp_l</name>
         <load_address>0xff4a</load_address>
         <run_address>0xff4a</run_address>
         <size>0x10</size>
         <input_file_ref idref="fl-28"/>
      </object_component>
      <object_component id="oc-352">
         <name>.binit</name>
         <load_address>0xc000</load_address>
         <run_address>0xc000</run_address>
         <size>0x0</size>
      </object_component>
      <object_component id="oc-40">
         <name>.int00</name>
         <load_address>0xffe0</load_address>
         <run_address>0xffe0</run_address>
         <size>0x2</size>
         <input_file_ref idref="fl-35"/>
      </object_component>
      <object_component id="oc-41">
         <name>.int02</name>
         <load_address>0xffe4</load_address>
         <run_address>0xffe4</run_address>
         <size>0x2</size>
         <input_file_ref idref="fl-36"/>
      </object_component>
      <object_component id="oc-42">
         <name>.int03</name>
         <load_address>0xffe6</load_address>
         <run_address>0xffe6</run_address>
         <size>0x2</size>
         <input_file_ref idref="fl-37"/>
      </object_component>
      <object_component id="oc-43">
         <name>.int05</name>
         <load_address>0xffea</load_address>
         <run_address>0xffea</run_address>
         <size>0x2</size>
         <input_file_ref idref="fl-38"/>
      </object_component>
      <object_component id="oc-44">
         <name>.int06</name>
         <load_address>0xffec</load_address>
         <run_address>0xffec</run_address>
         <size>0x2</size>
         <input_file_ref idref="fl-39"/>
      </object_component>
      <object_component id="oc-45">
         <name>.int07</name>
         <load_address>0xffee</load_address>
         <run_address>0xffee</run_address>
         <size>0x2</size>
         <input_file_ref idref="fl-2"/>
      </object_component>
      <object_component id="oc-46">
         <name>.int08</name>
         <load_address>0xfff0</load_address>
         <run_address>0xfff0</run_address>
         <size>0x2</size>
         <input_file_ref idref="fl-3a"/>
      </object_component>
      <object_component id="oc-47">
         <name>.int09</name>
         <load_address>0xfff2</load_address>
         <run_address>0xfff2</run_address>
         <size>0x2</size>
         <input_file_ref idref="fl-3b"/>
      </object_component>
      <object_component id="oc-48">
         <name>.int10</name>
         <load_address>0xfff4</load_address>
         <run_address>0xfff4</run_address>
         <size>0x2</size>
         <input_file_ref idref="fl-3c"/>
      </object_component>
      <object_component id="oc-49">
         <name>.int11</name>
         <load_address>0xfff6</load_address>
         <run_address>0xfff6</run_address>
         <size>0x2</size>
         <input_file_ref idref="fl-3d"/>
      </object_component>
      <object_component id="oc-4a">
         <name>.int12</name>
         <load_address>0xfff8</load_address>
         <run_address>0xfff8</run_address>
         <size>0x2</size>
         <input_file_ref idref="fl-3e"/>
      </object_component>
      <object_component id="oc-4b">
         <name>.int13</name>
         <load_address>0xfffa</load_address>
         <run_address>0xfffa</run_address>
         <size>0x2</size>
         <input_file_ref idref="fl-3f"/>
      </object_component>
      <object_component id="oc-4c">
         <name>.int14</name>
         <load_address>0xfffc</load_address>
         <run_address>0xfffc</run_address>
         <size>0x2</size>
         <input_file_ref idref="fl-40"/>
      </object_component>
      <object_component id="oc-f4">
         <name>.reset</name>
         <load_address>0xfffe</load_address>
         <run_address>0xfffe</run_address>
         <size>0x2</size>
         <input_file_ref idref="fl-1f"/>
      </object_component>
      <object_component id="oc-183">
         <name>.debug_info</name>
         <load_address>0x0</load_address>
         <run_address>0x0</run_address>
         <size>0x50b</size>
         <input_file_ref idref="fl-2"/>
      </object_component>
      <object_component id="oc-17d">
         <name>.debug_info</name>
         <load_address>0x50b</load_address>
         <run_address>0x50b</run_address>
         <size>0x2d8</size>
         <input_file_ref idref="fl-2"/>
      </object_component>
      <object_component id="oc-180">
         <name>.debug_info</name>
         <load_address>0x7e3</load_address>
         <run_address>0x7e3</run_address>
         <size>0xb3</size>
         <input_file_ref idref="fl-2"/>
      </object_component>
      <object_component id="oc-186">
         <name>.debug_info</name>
         <load_address>0x896</load_address>
         <run_address>0x896</run_address>
         <size>0xb3</size>
         <input_file_ref idref="fl-2"/>
      </object_component>
      <object_component id="oc-18a">
         <name>.debug_info</name>
         <load_address>0x949</load_address>
         <run_address>0x949</run_address>
         <size>0xb3</size>
         <input_file_ref idref="fl-2"/>
      </object_component>
      <object_component id="oc-1df">
         <name>.debug_info</name>
         <load_address>0x9fc</load_address>
         <run_address>0x9fc</run_address>
         <size>0x1e1</size>
         <input_file_ref idref="fl-2"/>
      </object_component>
      <object_component id="oc-1e7">
         <name>.debug_info</name>
         <load_address>0xbdd</load_address>
         <run_address>0xbdd</run_address>
         <size>0x644</size>
         <input_file_ref idref="fl-2"/>
      </object_component>
      <object_component id="oc-1c6">
         <name>.debug_info</name>
         <load_address>0x1221</load_address>
         <run_address>0x1221</run_address>
         <size>0x133</size>
         <input_file_ref idref="fl-2"/>
      </object_component>
      <object_component id="oc-1d3">
         <name>.debug_info</name>
         <load_address>0x1354</load_address>
         <run_address>0x1354</run_address>
         <size>0x14b</size>
         <input_file_ref idref="fl-2"/>
      </object_component>
      <object_component id="oc-1b4">
         <name>.debug_info</name>
         <load_address>0x149f</load_address>
         <run_address>0x149f</run_address>
         <size>0x111</size>
         <input_file_ref idref="fl-2"/>
      </object_component>
      <object_component id="oc-1ba">
         <name>.debug_info</name>
         <load_address>0x15b0</load_address>
         <run_address>0x15b0</run_address>
         <size>0x10b</size>
         <input_file_ref idref="fl-2"/>
      </object_component>
      <object_component id="oc-1c0">
         <name>.debug_info</name>
         <load_address>0x16bb</load_address>
         <run_address>0x16bb</run_address>
         <size>0x10f</size>
         <input_file_ref idref="fl-2"/>
      </object_component>
      <object_component id="oc-1cd">
         <name>.debug_info</name>
         <load_address>0x17ca</load_address>
         <run_address>0x17ca</run_address>
         <size>0x137</size>
         <input_file_ref idref="fl-2"/>
      </object_component>
      <object_component id="oc-14f">
         <name>.debug_info</name>
         <load_address>0x1901</load_address>
         <run_address>0x1901</run_address>
         <size>0x279</size>
         <input_file_ref idref="fl-2"/>
      </object_component>
      <object_component id="oc-122">
         <name>.debug_info</name>
         <load_address>0x1b7a</load_address>
         <run_address>0x1b7a</run_address>
         <size>0xe4</size>
         <input_file_ref idref="fl-2"/>
      </object_component>
      <object_component id="oc-10a">
         <name>.debug_info</name>
         <load_address>0x1c5e</load_address>
         <run_address>0x1c5e</run_address>
         <size>0x84</size>
         <input_file_ref idref="fl-2"/>
      </object_component>
      <object_component id="oc-2b6">
         <name>.debug_info</name>
         <load_address>0x1ce2</load_address>
         <run_address>0x1ce2</run_address>
         <size>0x206</size>
         <input_file_ref idref="fl-1d"/>
      </object_component>
      <object_component id="oc-24d">
         <name>.debug_info</name>
         <load_address>0x1ee8</load_address>
         <run_address>0x1ee8</run_address>
         <size>0x253</size>
         <input_file_ref idref="fl-1d"/>
      </object_component>
      <object_component id="oc-293">
         <name>.debug_info</name>
         <load_address>0x213b</load_address>
         <run_address>0x213b</run_address>
         <size>0x94</size>
         <input_file_ref idref="fl-1d"/>
      </object_component>
      <object_component id="oc-29c">
         <name>.debug_info</name>
         <load_address>0x21cf</load_address>
         <run_address>0x21cf</run_address>
         <size>0x118</size>
         <input_file_ref idref="fl-1e"/>
      </object_component>
      <object_component id="oc-f2">
         <name>.debug_info</name>
         <load_address>0x22e7</load_address>
         <run_address>0x22e7</run_address>
         <size>0xf5</size>
         <input_file_ref idref="fl-1f"/>
      </object_component>
      <object_component id="oc-6f">
         <name>.debug_info</name>
         <load_address>0x23dc</load_address>
         <run_address>0x23dc</run_address>
         <size>0x196</size>
         <input_file_ref idref="fl-20"/>
      </object_component>
      <object_component id="oc-16c">
         <name>.debug_info</name>
         <load_address>0x2572</load_address>
         <run_address>0x2572</run_address>
         <size>0x16b</size>
         <input_file_ref idref="fl-21"/>
      </object_component>
      <object_component id="oc-36">
         <name>.debug_info</name>
         <load_address>0x26dd</load_address>
         <run_address>0x26dd</run_address>
         <size>0x287</size>
         <input_file_ref idref="fl-21"/>
      </object_component>
      <object_component id="oc-105">
         <name>.debug_info</name>
         <load_address>0x2964</load_address>
         <run_address>0x2964</run_address>
         <size>0x60</size>
         <input_file_ref idref="fl-21"/>
      </object_component>
      <object_component id="oc-167">
         <name>.debug_info</name>
         <load_address>0x29c4</load_address>
         <run_address>0x29c4</run_address>
         <size>0x46</size>
         <input_file_ref idref="fl-21"/>
      </object_component>
      <object_component id="oc-11b">
         <name>.debug_info</name>
         <load_address>0x2a0a</load_address>
         <run_address>0x2a0a</run_address>
         <size>0x1b2</size>
         <input_file_ref idref="fl-22"/>
      </object_component>
      <object_component id="oc-3e">
         <name>.debug_info</name>
         <load_address>0x2bbc</load_address>
         <run_address>0x2bbc</run_address>
         <size>0x1df</size>
         <input_file_ref idref="fl-22"/>
      </object_component>
      <object_component id="oc-116">
         <name>.debug_info</name>
         <load_address>0x2d9b</load_address>
         <run_address>0x2d9b</run_address>
         <size>0x46</size>
         <input_file_ref idref="fl-22"/>
      </object_component>
      <object_component id="oc-174">
         <name>.debug_info</name>
         <load_address>0x2de1</load_address>
         <run_address>0x2de1</run_address>
         <size>0x2c</size>
         <input_file_ref idref="fl-22"/>
      </object_component>
      <object_component id="oc-12d">
         <name>.debug_info</name>
         <load_address>0x2e0d</load_address>
         <run_address>0x2e0d</run_address>
         <size>0x16a</size>
         <input_file_ref idref="fl-23"/>
      </object_component>
      <object_component id="oc-51">
         <name>.debug_info</name>
         <load_address>0x2f77</load_address>
         <run_address>0x2f77</run_address>
         <size>0x1b5</size>
         <input_file_ref idref="fl-23"/>
      </object_component>
      <object_component id="oc-128">
         <name>.debug_info</name>
         <load_address>0x312c</load_address>
         <run_address>0x312c</run_address>
         <size>0x46</size>
         <input_file_ref idref="fl-23"/>
      </object_component>
      <object_component id="oc-16f">
         <name>.debug_info</name>
         <load_address>0x3172</load_address>
         <run_address>0x3172</run_address>
         <size>0x2c</size>
         <input_file_ref idref="fl-23"/>
      </object_component>
      <object_component id="oc-2f2">
         <name>.debug_info</name>
         <load_address>0x319e</load_address>
         <run_address>0x319e</run_address>
         <size>0x1c4</size>
         <input_file_ref idref="fl-24"/>
      </object_component>
      <object_component id="oc-25f">
         <name>.debug_info</name>
         <load_address>0x3362</load_address>
         <run_address>0x3362</run_address>
         <size>0x1cd</size>
         <input_file_ref idref="fl-24"/>
      </object_component>
      <object_component id="oc-2fa">
         <name>.debug_info</name>
         <load_address>0x352f</load_address>
         <run_address>0x352f</run_address>
         <size>0xdb</size>
         <input_file_ref idref="fl-24"/>
      </object_component>
      <object_component id="oc-2f9">
         <name>.debug_info</name>
         <load_address>0x360a</load_address>
         <run_address>0x360a</run_address>
         <size>0x1e7</size>
         <input_file_ref idref="fl-25"/>
      </object_component>
      <object_component id="oc-265">
         <name>.debug_info</name>
         <load_address>0x37f1</load_address>
         <run_address>0x37f1</run_address>
         <size>0x1c4</size>
         <input_file_ref idref="fl-25"/>
      </object_component>
      <object_component id="oc-2be">
         <name>.debug_info</name>
         <load_address>0x39b5</load_address>
         <run_address>0x39b5</run_address>
         <size>0x201</size>
         <input_file_ref idref="fl-26"/>
      </object_component>
      <object_component id="oc-252">
         <name>.debug_info</name>
         <load_address>0x3bb6</load_address>
         <run_address>0x3bb6</run_address>
         <size>0x27f</size>
         <input_file_ref idref="fl-26"/>
      </object_component>
      <object_component id="oc-23a">
         <name>.debug_info</name>
         <load_address>0x3e35</load_address>
         <run_address>0x3e35</run_address>
         <size>0x63d</size>
         <input_file_ref idref="fl-27"/>
      </object_component>
      <object_component id="oc-2a1">
         <name>.debug_info</name>
         <load_address>0x4472</load_address>
         <run_address>0x4472</run_address>
         <size>0x39</size>
         <input_file_ref idref="fl-27"/>
      </object_component>
      <object_component id="oc-2f0">
         <name>.debug_info</name>
         <load_address>0x44ab</load_address>
         <run_address>0x44ab</run_address>
         <size>0x244</size>
         <input_file_ref idref="fl-28"/>
      </object_component>
      <object_component id="oc-2db">
         <name>.debug_info</name>
         <load_address>0x46ef</load_address>
         <run_address>0x46ef</run_address>
         <size>0xed</size>
         <input_file_ref idref="fl-28"/>
      </object_component>
      <object_component id="oc-2de">
         <name>.debug_info</name>
         <load_address>0x47dc</load_address>
         <run_address>0x47dc</run_address>
         <size>0xf1</size>
         <input_file_ref idref="fl-28"/>
      </object_component>
      <object_component id="oc-2e1">
         <name>.debug_info</name>
         <load_address>0x48cd</load_address>
         <run_address>0x48cd</run_address>
         <size>0xf1</size>
         <input_file_ref idref="fl-28"/>
      </object_component>
      <object_component id="oc-258">
         <name>.debug_info</name>
         <load_address>0x49be</load_address>
         <run_address>0x49be</run_address>
         <size>0x112a</size>
         <input_file_ref idref="fl-28"/>
      </object_component>
      <object_component id="oc-324">
         <name>.debug_info</name>
         <load_address>0x5ae8</load_address>
         <run_address>0x5ae8</run_address>
         <size>0x1d1</size>
         <input_file_ref idref="fl-29"/>
      </object_component>
      <object_component id="oc-2cf">
         <name>.debug_info</name>
         <load_address>0x5cb9</load_address>
         <run_address>0x5cb9</run_address>
         <size>0x312</size>
         <input_file_ref idref="fl-29"/>
      </object_component>
      <object_component id="oc-101">
         <name>.debug_info</name>
         <load_address>0x5fcb</load_address>
         <run_address>0x5fcb</run_address>
         <size>0x126</size>
         <input_file_ref idref="fl-2a"/>
      </object_component>
      <object_component id="oc-299">
         <name>.debug_info</name>
         <load_address>0x60f1</load_address>
         <run_address>0x60f1</run_address>
         <size>0xf3</size>
         <input_file_ref idref="fl-2b"/>
      </object_component>
      <object_component id="oc-159">
         <name>.debug_info</name>
         <load_address>0x61e4</load_address>
         <run_address>0x61e4</run_address>
         <size>0x117</size>
         <input_file_ref idref="fl-2c"/>
      </object_component>
      <object_component id="oc-1d9">
         <name>.debug_info</name>
         <load_address>0x62fb</load_address>
         <run_address>0x62fb</run_address>
         <size>0x15b</size>
         <input_file_ref idref="fl-2e"/>
      </object_component>
      <object_component id="oc-292">
         <name>.debug_info</name>
         <load_address>0x6456</load_address>
         <run_address>0x6456</run_address>
         <size>0x1ca</size>
         <input_file_ref idref="fl-2f"/>
      </object_component>
      <object_component id="oc-236">
         <name>.debug_info</name>
         <load_address>0x6620</load_address>
         <run_address>0x6620</run_address>
         <size>0x210</size>
         <input_file_ref idref="fl-2f"/>
      </object_component>
      <object_component id="oc-319">
         <name>.debug_info</name>
         <load_address>0x6830</load_address>
         <run_address>0x6830</run_address>
         <size>0x1ff</size>
         <input_file_ref idref="fl-30"/>
      </object_component>
      <object_component id="oc-2b1">
         <name>.debug_info</name>
         <load_address>0x6a2f</load_address>
         <run_address>0x6a2f</run_address>
         <size>0x31e</size>
         <input_file_ref idref="fl-30"/>
      </object_component>
      <object_component id="oc-31d">
         <name>.debug_info</name>
         <load_address>0x6d4d</load_address>
         <run_address>0x6d4d</run_address>
         <size>0x1d1</size>
         <input_file_ref idref="fl-31"/>
      </object_component>
      <object_component id="oc-2b9">
         <name>.debug_info</name>
         <load_address>0x6f1e</load_address>
         <run_address>0x6f1e</run_address>
         <size>0x5c4</size>
         <input_file_ref idref="fl-31"/>
      </object_component>
      <object_component id="oc-26c">
         <name>.debug_info</name>
         <load_address>0x74e2</load_address>
         <run_address>0x74e2</run_address>
         <size>0x119</size>
         <input_file_ref idref="fl-32"/>
      </object_component>
      <object_component id="oc-277">
         <name>.debug_info</name>
         <load_address>0x75fb</load_address>
         <run_address>0x75fb</run_address>
         <size>0x119</size>
         <input_file_ref idref="fl-33"/>
      </object_component>
      <object_component id="oc-271">
         <name>.debug_info</name>
         <load_address>0x7714</load_address>
         <run_address>0x7714</run_address>
         <size>0x119</size>
         <input_file_ref idref="fl-34"/>
      </object_component>
      <object_component id="oc-11d">
         <name>.debug_info</name>
         <load_address>0x782d</load_address>
         <run_address>0x782d</run_address>
         <size>0x107</size>
         <input_file_ref idref="fl-41"/>
      </object_component>
      <object_component id="oc-f7">
         <name>.debug_info</name>
         <load_address>0x7934</load_address>
         <run_address>0x7934</run_address>
         <size>0x118</size>
         <input_file_ref idref="fl-42"/>
      </object_component>
      <object_component id="oc-2c5">
         <name>.debug_info</name>
         <load_address>0x7a4c</load_address>
         <run_address>0x7a4c</run_address>
         <size>0x118</size>
         <input_file_ref idref="fl-43"/>
      </object_component>
      <object_component id="oc-288">
         <name>.debug_info</name>
         <load_address>0x7b64</load_address>
         <run_address>0x7b64</run_address>
         <size>0x11e</size>
         <input_file_ref idref="fl-43"/>
      </object_component>
      <object_component id="oc-fc">
         <name>.debug_info</name>
         <load_address>0x7c82</load_address>
         <run_address>0x7c82</run_address>
         <size>0x118</size>
         <input_file_ref idref="fl-44"/>
      </object_component>
      <object_component id="oc-2ca">
         <name>.debug_info</name>
         <load_address>0x7d9a</load_address>
         <run_address>0x7d9a</run_address>
         <size>0x118</size>
         <input_file_ref idref="fl-45"/>
      </object_component>
      <object_component id="oc-28e">
         <name>.debug_info</name>
         <load_address>0x7eb2</load_address>
         <run_address>0x7eb2</run_address>
         <size>0x11e</size>
         <input_file_ref idref="fl-45"/>
      </object_component>
      <object_component id="oc-16e">
         <name>.debug_info</name>
         <load_address>0x7fd0</load_address>
         <run_address>0x7fd0</run_address>
         <size>0x16d</size>
         <input_file_ref idref="fl-47"/>
      </object_component>
      <object_component id="oc-110">
         <name>.debug_info</name>
         <load_address>0x813d</load_address>
         <run_address>0x813d</run_address>
         <size>0x191</size>
         <input_file_ref idref="fl-47"/>
      </object_component>
      <object_component id="oc-2ad">
         <name>.debug_info</name>
         <load_address>0x82ce</load_address>
         <run_address>0x82ce</run_address>
         <size>0x201</size>
         <input_file_ref idref="fl-49"/>
      </object_component>
      <object_component id="oc-240">
         <name>.debug_info</name>
         <load_address>0x84cf</load_address>
         <run_address>0x84cf</run_address>
         <size>0x2d5</size>
         <input_file_ref idref="fl-49"/>
      </object_component>
      <object_component id="oc-1fd">
         <name>.debug_info</name>
         <load_address>0x87a4</load_address>
         <run_address>0x87a4</run_address>
         <size>0x119</size>
         <input_file_ref idref="fl-4a"/>
      </object_component>
      <object_component id="oc-30a">
         <name>.debug_info</name>
         <load_address>0x88bd</load_address>
         <run_address>0x88bd</run_address>
         <size>0x119</size>
         <input_file_ref idref="fl-4b"/>
      </object_component>
      <object_component id="oc-2d7">
         <name>.debug_info</name>
         <load_address>0x89d6</load_address>
         <run_address>0x89d6</run_address>
         <size>0x14d</size>
         <input_file_ref idref="fl-4c"/>
      </object_component>
      <object_component id="oc-130">
         <name>.debug_info</name>
         <load_address>0x8b23</load_address>
         <run_address>0x8b23</run_address>
         <size>0x148</size>
         <input_file_ref idref="fl-4d"/>
      </object_component>
      <object_component id="oc-345">
         <name>.debug_info</name>
         <load_address>0x8c6b</load_address>
         <run_address>0x8c6b</run_address>
         <size>0x1d1</size>
         <input_file_ref idref="fl-4e"/>
      </object_component>
      <object_component id="oc-313">
         <name>.debug_info</name>
         <load_address>0x8e3c</load_address>
         <run_address>0x8e3c</run_address>
         <size>0x1ee</size>
         <input_file_ref idref="fl-4e"/>
      </object_component>
      <object_component id="oc-334">
         <name>.debug_info</name>
         <load_address>0x902a</load_address>
         <run_address>0x902a</run_address>
         <size>0x204</size>
         <input_file_ref idref="fl-4f"/>
      </object_component>
      <object_component id="oc-2ec">
         <name>.debug_info</name>
         <load_address>0x922e</load_address>
         <run_address>0x922e</run_address>
         <size>0x23f</size>
         <input_file_ref idref="fl-4f"/>
      </object_component>
      <object_component id="oc-335">
         <name>.debug_info</name>
         <load_address>0x946d</load_address>
         <run_address>0x946d</run_address>
         <size>0x2c</size>
         <input_file_ref idref="fl-4f"/>
      </object_component>
      <object_component id="oc-247">
         <name>.debug_info</name>
         <load_address>0x9499</load_address>
         <run_address>0x9499</run_address>
         <size>0x182</size>
         <input_file_ref idref="fl-50"/>
      </object_component>
      <object_component id="oc-2c0">
         <name>.debug_info</name>
         <load_address>0x961b</load_address>
         <run_address>0x961b</run_address>
         <size>0x118</size>
         <input_file_ref idref="fl-53"/>
      </object_component>
      <object_component id="oc-2f4">
         <name>.debug_info</name>
         <load_address>0x9733</load_address>
         <run_address>0x9733</run_address>
         <size>0x11e</size>
         <input_file_ref idref="fl-53"/>
      </object_component>
      <object_component id="oc-19e">
         <name>.debug_info</name>
         <load_address>0x9851</load_address>
         <run_address>0x9851</run_address>
         <size>0x3b6</size>
         <input_file_ref idref="fl-54"/>
      </object_component>
      <object_component id="oc-137">
         <name>.debug_info</name>
         <load_address>0x9c07</load_address>
         <run_address>0x9c07</run_address>
         <size>0x1c2</size>
         <input_file_ref idref="fl-54"/>
      </object_component>
      <object_component id="oc-206">
         <name>.debug_info</name>
         <load_address>0x9dc9</load_address>
         <run_address>0x9dc9</run_address>
         <size>0x39</size>
         <input_file_ref idref="fl-54"/>
      </object_component>
      <object_component id="oc-20b">
         <name>.debug_info</name>
         <load_address>0x9e02</load_address>
         <run_address>0x9e02</run_address>
         <size>0xcd</size>
         <input_file_ref idref="fl-54"/>
      </object_component>
      <object_component id="oc-2e7">
         <name>.debug_info</name>
         <load_address>0x9ecf</load_address>
         <run_address>0x9ecf</run_address>
         <size>0x1a4</size>
         <input_file_ref idref="fl-55"/>
      </object_component>
      <object_component id="oc-202">
         <name>.debug_info</name>
         <load_address>0xa073</load_address>
         <run_address>0xa073</run_address>
         <size>0x252</size>
         <input_file_ref idref="fl-56"/>
      </object_component>
      <object_component id="oc-193">
         <name>.debug_info</name>
         <load_address>0xa2c5</load_address>
         <run_address>0xa2c5</run_address>
         <size>0x1b0</size>
         <input_file_ref idref="fl-56"/>
      </object_component>
      <object_component id="oc-27d">
         <name>.debug_info</name>
         <load_address>0xa475</load_address>
         <run_address>0xa475</run_address>
         <size>0x2c</size>
         <input_file_ref idref="fl-56"/>
      </object_component>
      <object_component id="oc-30f">
         <name>.debug_info</name>
         <load_address>0xa4a1</load_address>
         <run_address>0xa4a1</run_address>
         <size>0x1d1</size>
         <input_file_ref idref="fl-57"/>
      </object_component>
      <object_component id="oc-2a8">
         <name>.debug_info</name>
         <load_address>0xa672</load_address>
         <run_address>0xa672</run_address>
         <size>0x3a0</size>
         <input_file_ref idref="fl-57"/>
      </object_component>
      <object_component id="oc-330">
         <name>.debug_info</name>
         <load_address>0xaa12</load_address>
         <run_address>0xaa12</run_address>
         <size>0x155</size>
         <input_file_ref idref="fl-58"/>
      </object_component>
      <object_component id="oc-198">
         <name>.debug_info</name>
         <load_address>0xab67</load_address>
         <run_address>0xab67</run_address>
         <size>0x145</size>
         <input_file_ref idref="fl-59"/>
      </object_component>
      <object_component id="oc-38d">
         <name>.debug_info</name>
         <load_address>0xacac</load_address>
         <run_address>0xacac</run_address>
         <size>0x8a</size>
      </object_component>
      <object_component id="oc-1f7">
         <name>.debug_line</name>
         <load_address>0x0</load_address>
         <run_address>0x0</run_address>
         <size>0x119</size>
         <input_file_ref idref="fl-2"/>
      </object_component>
      <object_component id="oc-1f3">
         <name>.debug_line</name>
         <load_address>0x119</load_address>
         <run_address>0x119</run_address>
         <size>0x70</size>
         <input_file_ref idref="fl-2"/>
      </object_component>
      <object_component id="oc-1f5">
         <name>.debug_line</name>
         <load_address>0x189</load_address>
         <run_address>0x189</run_address>
         <size>0x2e</size>
         <input_file_ref idref="fl-2"/>
      </object_component>
      <object_component id="oc-1f9">
         <name>.debug_line</name>
         <load_address>0x1b7</load_address>
         <run_address>0x1b7</run_address>
         <size>0x2e</size>
         <input_file_ref idref="fl-2"/>
      </object_component>
      <object_component id="oc-1fb">
         <name>.debug_line</name>
         <load_address>0x1e5</load_address>
         <run_address>0x1e5</run_address>
         <size>0x2e</size>
         <input_file_ref idref="fl-2"/>
      </object_component>
      <object_component id="oc-1e2">
         <name>.debug_line</name>
         <load_address>0x213</load_address>
         <run_address>0x213</run_address>
         <size>0x57</size>
         <input_file_ref idref="fl-2"/>
      </object_component>
      <object_component id="oc-1ea">
         <name>.debug_line</name>
         <load_address>0x26a</load_address>
         <run_address>0x26a</run_address>
         <size>0x69</size>
         <input_file_ref idref="fl-2"/>
      </object_component>
      <object_component id="oc-1c9">
         <name>.debug_line</name>
         <load_address>0x2d3</load_address>
         <run_address>0x2d3</run_address>
         <size>0x61</size>
         <input_file_ref idref="fl-2"/>
      </object_component>
      <object_component id="oc-1d6">
         <name>.debug_line</name>
         <load_address>0x334</load_address>
         <run_address>0x334</run_address>
         <size>0x57</size>
         <input_file_ref idref="fl-2"/>
      </object_component>
      <object_component id="oc-1b7">
         <name>.debug_line</name>
         <load_address>0x38b</load_address>
         <run_address>0x38b</run_address>
         <size>0x55</size>
         <input_file_ref idref="fl-2"/>
      </object_component>
      <object_component id="oc-1bd">
         <name>.debug_line</name>
         <load_address>0x3e0</load_address>
         <run_address>0x3e0</run_address>
         <size>0x54</size>
         <input_file_ref idref="fl-2"/>
      </object_component>
      <object_component id="oc-1c3">
         <name>.debug_line</name>
         <load_address>0x434</load_address>
         <run_address>0x434</run_address>
         <size>0x5d</size>
         <input_file_ref idref="fl-2"/>
      </object_component>
      <object_component id="oc-1d0">
         <name>.debug_line</name>
         <load_address>0x491</load_address>
         <run_address>0x491</run_address>
         <size>0x61</size>
         <input_file_ref idref="fl-2"/>
      </object_component>
      <object_component id="oc-152">
         <name>.debug_line</name>
         <load_address>0x4f2</load_address>
         <run_address>0x4f2</run_address>
         <size>0x64</size>
         <input_file_ref idref="fl-2"/>
      </object_component>
      <object_component id="oc-125">
         <name>.debug_line</name>
         <load_address>0x556</load_address>
         <run_address>0x556</run_address>
         <size>0x9b</size>
         <input_file_ref idref="fl-2"/>
      </object_component>
      <object_component id="oc-10d">
         <name>.debug_line</name>
         <load_address>0x5f1</load_address>
         <run_address>0x5f1</run_address>
         <size>0x20</size>
         <input_file_ref idref="fl-2"/>
      </object_component>
      <object_component id="oc-31b">
         <name>.debug_line</name>
         <load_address>0x611</load_address>
         <run_address>0x611</run_address>
         <size>0x2d</size>
         <input_file_ref idref="fl-1d"/>
      </object_component>
      <object_component id="oc-24c">
         <name>.debug_line</name>
         <load_address>0x63e</load_address>
         <run_address>0x63e</run_address>
         <size>0xcb</size>
         <input_file_ref idref="fl-1d"/>
      </object_component>
      <object_component id="oc-296">
         <name>.debug_line</name>
         <load_address>0x709</load_address>
         <run_address>0x709</run_address>
         <size>0x2e</size>
         <input_file_ref idref="fl-1d"/>
      </object_component>
      <object_component id="oc-29f">
         <name>.debug_line</name>
         <load_address>0x737</load_address>
         <run_address>0x737</run_address>
         <size>0x4e</size>
         <input_file_ref idref="fl-1e"/>
      </object_component>
      <object_component id="oc-163">
         <name>.debug_line</name>
         <load_address>0x785</load_address>
         <run_address>0x785</run_address>
         <size>0x2a</size>
         <input_file_ref idref="fl-1f"/>
      </object_component>
      <object_component id="oc-6e">
         <name>.debug_line</name>
         <load_address>0x7af</load_address>
         <run_address>0x7af</run_address>
         <size>0x4c</size>
         <input_file_ref idref="fl-20"/>
      </object_component>
      <object_component id="oc-1ef">
         <name>.debug_line</name>
         <load_address>0x7fb</load_address>
         <run_address>0x7fb</run_address>
         <size>0x20</size>
         <input_file_ref idref="fl-21"/>
      </object_component>
      <object_component id="oc-35">
         <name>.debug_line</name>
         <load_address>0x81b</load_address>
         <run_address>0x81b</run_address>
         <size>0x92</size>
         <input_file_ref idref="fl-21"/>
      </object_component>
      <object_component id="oc-108">
         <name>.debug_line</name>
         <load_address>0x8ad</load_address>
         <run_address>0x8ad</run_address>
         <size>0x3a</size>
         <input_file_ref idref="fl-21"/>
      </object_component>
      <object_component id="oc-16a">
         <name>.debug_line</name>
         <load_address>0x8e7</load_address>
         <run_address>0x8e7</run_address>
         <size>0x8a</size>
         <input_file_ref idref="fl-21"/>
      </object_component>
      <object_component id="oc-17a">
         <name>.debug_line</name>
         <load_address>0x971</load_address>
         <run_address>0x971</run_address>
         <size>0x8a</size>
         <input_file_ref idref="fl-22"/>
      </object_component>
      <object_component id="oc-3c">
         <name>.debug_line</name>
         <load_address>0x9fb</load_address>
         <run_address>0x9fb</run_address>
         <size>0x50</size>
         <input_file_ref idref="fl-22"/>
      </object_component>
      <object_component id="oc-119">
         <name>.debug_line</name>
         <load_address>0xa4b</load_address>
         <run_address>0xa4b</run_address>
         <size>0x3a</size>
         <input_file_ref idref="fl-22"/>
      </object_component>
      <object_component id="oc-177">
         <name>.debug_line</name>
         <load_address>0xa85</load_address>
         <run_address>0xa85</run_address>
         <size>0x8a</size>
         <input_file_ref idref="fl-22"/>
      </object_component>
      <object_component id="oc-18f">
         <name>.debug_line</name>
         <load_address>0xb0f</load_address>
         <run_address>0xb0f</run_address>
         <size>0x20</size>
         <input_file_ref idref="fl-23"/>
      </object_component>
      <object_component id="oc-50">
         <name>.debug_line</name>
         <load_address>0xb2f</load_address>
         <run_address>0xb2f</run_address>
         <size>0x4d</size>
         <input_file_ref idref="fl-23"/>
      </object_component>
      <object_component id="oc-12b">
         <name>.debug_line</name>
         <load_address>0xb7c</load_address>
         <run_address>0xb7c</run_address>
         <size>0x34</size>
         <input_file_ref idref="fl-23"/>
      </object_component>
      <object_component id="oc-172">
         <name>.debug_line</name>
         <load_address>0xbb0</load_address>
         <run_address>0xbb0</run_address>
         <size>0x8a</size>
         <input_file_ref idref="fl-23"/>
      </object_component>
      <object_component id="oc-33d">
         <name>.debug_line</name>
         <load_address>0xc3a</load_address>
         <run_address>0xc3a</run_address>
         <size>0x20</size>
         <input_file_ref idref="fl-24"/>
      </object_component>
      <object_component id="oc-261">
         <name>.debug_line</name>
         <load_address>0xc5a</load_address>
         <run_address>0xc5a</run_address>
         <size>0x6c</size>
         <input_file_ref idref="fl-24"/>
      </object_component>
      <object_component id="oc-2fd">
         <name>.debug_line</name>
         <load_address>0xcc6</load_address>
         <run_address>0xcc6</run_address>
         <size>0x2e</size>
         <input_file_ref idref="fl-24"/>
      </object_component>
      <object_component id="oc-340">
         <name>.debug_line</name>
         <load_address>0xcf4</load_address>
         <run_address>0xcf4</run_address>
         <size>0x20</size>
         <input_file_ref idref="fl-25"/>
      </object_component>
      <object_component id="oc-269">
         <name>.debug_line</name>
         <load_address>0xd14</load_address>
         <run_address>0xd14</run_address>
         <size>0x57</size>
         <input_file_ref idref="fl-25"/>
      </object_component>
      <object_component id="oc-31f">
         <name>.debug_line</name>
         <load_address>0xd6b</load_address>
         <run_address>0xd6b</run_address>
         <size>0x2d</size>
         <input_file_ref idref="fl-26"/>
      </object_component>
      <object_component id="oc-255">
         <name>.debug_line</name>
         <load_address>0xd98</load_address>
         <run_address>0xd98</run_address>
         <size>0xe9</size>
         <input_file_ref idref="fl-26"/>
      </object_component>
      <object_component id="oc-23d">
         <name>.debug_line</name>
         <load_address>0xe81</load_address>
         <run_address>0xe81</run_address>
         <size>0x96</size>
         <input_file_ref idref="fl-27"/>
      </object_component>
      <object_component id="oc-2a4">
         <name>.debug_line</name>
         <load_address>0xf17</load_address>
         <run_address>0xf17</run_address>
         <size>0x8a</size>
         <input_file_ref idref="fl-27"/>
      </object_component>
      <object_component id="oc-33b">
         <name>.debug_line</name>
         <load_address>0xfa1</load_address>
         <run_address>0xfa1</run_address>
         <size>0x93</size>
         <input_file_ref idref="fl-28"/>
      </object_component>
      <object_component id="oc-327">
         <name>.debug_line</name>
         <load_address>0x1034</load_address>
         <run_address>0x1034</run_address>
         <size>0x2b</size>
         <input_file_ref idref="fl-28"/>
      </object_component>
      <object_component id="oc-329">
         <name>.debug_line</name>
         <load_address>0x105f</load_address>
         <run_address>0x105f</run_address>
         <size>0x2b</size>
         <input_file_ref idref="fl-28"/>
      </object_component>
      <object_component id="oc-32b">
         <name>.debug_line</name>
         <load_address>0x108a</load_address>
         <run_address>0x108a</run_address>
         <size>0x2b</size>
         <input_file_ref idref="fl-28"/>
      </object_component>
      <object_component id="oc-25b">
         <name>.debug_line</name>
         <load_address>0x10b5</load_address>
         <run_address>0x10b5</run_address>
         <size>0x217</size>
         <input_file_ref idref="fl-28"/>
      </object_component>
      <object_component id="oc-34b">
         <name>.debug_line</name>
         <load_address>0x12cc</load_address>
         <run_address>0x12cc</run_address>
         <size>0x89</size>
         <input_file_ref idref="fl-29"/>
      </object_component>
      <object_component id="oc-2d2">
         <name>.debug_line</name>
         <load_address>0x1355</load_address>
         <run_address>0x1355</run_address>
         <size>0x10f</size>
         <input_file_ref idref="fl-29"/>
      </object_component>
      <object_component id="oc-100">
         <name>.debug_line</name>
         <load_address>0x1464</load_address>
         <run_address>0x1464</run_address>
         <size>0x40</size>
         <input_file_ref idref="fl-2a"/>
      </object_component>
      <object_component id="oc-307">
         <name>.debug_line</name>
         <load_address>0x14a4</load_address>
         <run_address>0x14a4</run_address>
         <size>0x2b</size>
         <input_file_ref idref="fl-2b"/>
      </object_component>
      <object_component id="oc-157">
         <name>.debug_line</name>
         <load_address>0x14cf</load_address>
         <run_address>0x14cf</run_address>
         <size>0x3d</size>
         <input_file_ref idref="fl-2c"/>
      </object_component>
      <object_component id="oc-1dc">
         <name>.debug_line</name>
         <load_address>0x150c</load_address>
         <run_address>0x150c</run_address>
         <size>0x3d</size>
         <input_file_ref idref="fl-2e"/>
      </object_component>
      <object_component id="oc-305">
         <name>.debug_line</name>
         <load_address>0x1549</load_address>
         <run_address>0x1549</run_address>
         <size>0x20</size>
         <input_file_ref idref="fl-2f"/>
      </object_component>
      <object_component id="oc-233">
         <name>.debug_line</name>
         <load_address>0x1569</load_address>
         <run_address>0x1569</run_address>
         <size>0x81</size>
         <input_file_ref idref="fl-2f"/>
      </object_component>
      <object_component id="oc-347">
         <name>.debug_line</name>
         <load_address>0x15ea</load_address>
         <run_address>0x15ea</run_address>
         <size>0x2d</size>
         <input_file_ref idref="fl-30"/>
      </object_component>
      <object_component id="oc-2b0">
         <name>.debug_line</name>
         <load_address>0x1617</load_address>
         <run_address>0x1617</run_address>
         <size>0xfd</size>
         <input_file_ref idref="fl-30"/>
      </object_component>
      <object_component id="oc-349">
         <name>.debug_line</name>
         <load_address>0x1714</load_address>
         <run_address>0x1714</run_address>
         <size>0x20</size>
         <input_file_ref idref="fl-31"/>
      </object_component>
      <object_component id="oc-2bb">
         <name>.debug_line</name>
         <load_address>0x1734</load_address>
         <run_address>0x1734</run_address>
         <size>0xdc</size>
         <input_file_ref idref="fl-31"/>
      </object_component>
      <object_component id="oc-26e">
         <name>.debug_line</name>
         <load_address>0x1810</load_address>
         <run_address>0x1810</run_address>
         <size>0xbb</size>
         <input_file_ref idref="fl-32"/>
      </object_component>
      <object_component id="oc-276">
         <name>.debug_line</name>
         <load_address>0x18cb</load_address>
         <run_address>0x18cb</run_address>
         <size>0x83</size>
         <input_file_ref idref="fl-33"/>
      </object_component>
      <object_component id="oc-270">
         <name>.debug_line</name>
         <load_address>0x194e</load_address>
         <run_address>0x194e</run_address>
         <size>0x94</size>
         <input_file_ref idref="fl-34"/>
      </object_component>
      <object_component id="oc-120">
         <name>.debug_line</name>
         <load_address>0x19e2</load_address>
         <run_address>0x19e2</run_address>
         <size>0x3d</size>
         <input_file_ref idref="fl-41"/>
      </object_component>
      <object_component id="oc-f6">
         <name>.debug_line</name>
         <load_address>0x1a1f</load_address>
         <run_address>0x1a1f</run_address>
         <size>0x4e</size>
         <input_file_ref idref="fl-42"/>
      </object_component>
      <object_component id="oc-2c8">
         <name>.debug_line</name>
         <load_address>0x1a6d</load_address>
         <run_address>0x1a6d</run_address>
         <size>0x3e</size>
         <input_file_ref idref="fl-43"/>
      </object_component>
      <object_component id="oc-28b">
         <name>.debug_line</name>
         <load_address>0x1aab</load_address>
         <run_address>0x1aab</run_address>
         <size>0x56</size>
         <input_file_ref idref="fl-43"/>
      </object_component>
      <object_component id="oc-fb">
         <name>.debug_line</name>
         <load_address>0x1b01</load_address>
         <run_address>0x1b01</run_address>
         <size>0x5e</size>
         <input_file_ref idref="fl-44"/>
      </object_component>
      <object_component id="oc-2cd">
         <name>.debug_line</name>
         <load_address>0x1b5f</load_address>
         <run_address>0x1b5f</run_address>
         <size>0x42</size>
         <input_file_ref idref="fl-45"/>
      </object_component>
      <object_component id="oc-290">
         <name>.debug_line</name>
[...]
      <symbol id="sm-322">
         <name>abort</name>
         <value>0xfe9e</value>
         <object_component_ref idref="oc-156"/>
      </symbol>
      <symbol id="sm-32c">
         <name>__mspabi_fltid</name>
         <value>0xfe8a</value>
         <object_component_ref idref="oc-1d8"/>
      </symbol>
      <symbol id="sm-343">
         <name>__mspabi_fltlid</name>
         <value>0xf6d8</value>
         <object_component_ref idref="oc-232"/>
      </symbol>
      <symbol id="sm-364">
         <name>__TI_frcaddd</name>
         <value>0xea06</value>
         <object_component_ref idref="oc-2af"/>
      </symbol>
      <symbol id="sm-37f">
         <name>__TI_frcdivd</name>
         <value>0xd682</value>
         <object_component_ref idref="oc-2b7"/>
      </symbol>
      <symbol id="sm-39a">
         <name>__mspabi_subf</name>
         <value>0xf23c</value>
         <object_component_ref idref="oc-26a"/>
      </symbol>
      <symbol id="sm-39b">
         <name>__mspabi_addf</name>
         <value>0xf242</value>
         <object_component_ref idref="oc-26a"/>
      </symbol>
      <symbol id="sm-3ad">
         <name>__mspabi_divf</name>
         <value>0xf82c</value>
         <object_component_ref idref="oc-274"/>
      </symbol>
      <symbol id="sm-3c4">
         <name>__mspabi_mpyf</name>
         <value>0xf556</value>
         <object_component_ref idref="oc-26f"/>
      </symbol>
      <symbol id="sm-3c7">
         <name>__TI_int00</name>
         <value>0xffe0</value>
         <object_component_ref idref="oc-40"/>
      </symbol>
      <symbol id="sm-3ca">
         <name>__TI_int02</name>
         <value>0xffe4</value>
         <object_component_ref idref="oc-41"/>
      </symbol>
      <symbol id="sm-3cd">
         <name>__TI_int03</name>
         <value>0xffe6</value>
         <object_component_ref idref="oc-42"/>
      </symbol>
      <symbol id="sm-3d0">
         <name>__TI_int05</name>
         <value>0xffea</value>
         <object_component_ref idref="oc-43"/>
      </symbol>
      <symbol id="sm-3d3">
         <name>__TI_int06</name>
         <value>0xffec</value>
         <object_component_ref idref="oc-44"/>
      </symbol>
      <symbol id="sm-3d6">
         <name>__TI_int08</name>
         <value>0xfff0</value>
         <object_component_ref idref="oc-46"/>
      </symbol>
      <symbol id="sm-3d9">
         <name>__TI_int09</name>
         <value>0xfff2</value>
         <object_component_ref idref="oc-47"/>
      </symbol>
      <symbol id="sm-3dc">
         <name>__TI_int10</name>
         <value>0xfff4</value>
         <object_component_ref idref="oc-48"/>
      </symbol>
      <symbol id="sm-3df">
         <name>__TI_int11</name>
         <value>0xfff6</value>
         <object_component_ref idref="oc-49"/>
      </symbol>
      <symbol id="sm-3e2">
         <name>__TI_int12</name>
         <value>0xfff8</value>
         <object_component_ref idref="oc-4a"/>
      </symbol>
      <symbol id="sm-3e5">
         <name>__TI_int13</name>
         <value>0xfffa</value>
         <object_component_ref idref="oc-4b"/>
      </symbol>
      <symbol id="sm-3e8">
         <name>__TI_int14</name>
         <value>0xfffc</value>
         <object_component_ref idref="oc-4c"/>
      </symbol>
      <symbol id="sm-3f0">
         <name>__TI_ISR_TRAP</name>
         <value>0xfe96</value>
         <object_component_ref idref="oc-11c"/>
      </symbol>
      <symbol id="sm-3f8">
         <name>__mspabi_slli</name>
         <value>0xfd0e</value>
         <object_component_ref idref="oc-f5"/>
      </symbol>
      <symbol id="sm-3f9">
         <name>__mspabi_slli_9</name>
         <value>0xfd26</value>
         <object_component_ref idref="oc-f5"/>
      </symbol>
      <symbol id="sm-3fa">
         <name>__mspabi_slli_8</name>
         <value>0xfd28</value>
         <object_component_ref idref="oc-f5"/>
      </symbol>
      <symbol id="sm-3fb">
         <name>__mspabi_slli_7</name>
         <value>0xfd2a</value>
         <object_component_ref idref="oc-f5"/>
      </symbol>
      <symbol id="sm-3fc">
         <name>__mspabi_slli_6</name>
         <value>0xfd2c</value>
         <object_component_ref idref="oc-f5"/>
      </symbol>
      <symbol id="sm-3fd">
         <name>__mspabi_slli_5</name>
         <value>0xfd2e</value>
         <object_component_ref idref="oc-f5"/>
      </symbol>
      <symbol id="sm-3fe">
         <name>__mspabi_slli_4</name>
         <value>0xfd30</value>
         <object_component_ref idref="oc-f5"/>
      </symbol>
      <symbol id="sm-3ff">
         <name>__mspabi_slli_3</name>
         <value>0xfd32</value>
         <object_component_ref idref="oc-f5"/>
      </symbol>
      <symbol id="sm-400">
         <name>__mspabi_slli_2</name>
         <value>0xfd34</value>
         <object_component_ref idref="oc-f5"/>
      </symbol>
      <symbol id="sm-401">
         <name>__mspabi_slli_1</name>
         <value>0xfd36</value>
         <object_component_ref idref="oc-f5"/>
      </symbol>
      <symbol id="sm-402">
         <name>__mspabi_slli_15</name>
         <value>0xfd1a</value>
         <object_component_ref idref="oc-f5"/>
      </symbol>
      <symbol id="sm-403">
         <name>__mspabi_slli_14</name>
         <value>0xfd1c</value>
         <object_component_ref idref="oc-f5"/>
      </symbol>
      <symbol id="sm-404">
         <name>__mspabi_slli_13</name>
         <value>0xfd1e</value>
         <object_component_ref idref="oc-f5"/>
      </symbol>
      <symbol id="sm-405">
         <name>__mspabi_slli_12</name>
         <value>0xfd20</value>
         <object_component_ref idref="oc-f5"/>
      </symbol>
      <symbol id="sm-406">
         <name>__mspabi_slli_11</name>
         <value>0xfd22</value>
         <object_component_ref idref="oc-f5"/>
      </symbol>
      <symbol id="sm-407">
         <name>__mspabi_slli_10</name>
         <value>0xfd24</value>
         <object_component_ref idref="oc-f5"/>
      </symbol>
      <symbol id="sm-417">
         <name>__mspabi_slll_9</name>
         <value>0xfc08</value>
         <object_component_ref idref="oc-287"/>
      </symbol>
      <symbol id="sm-418">
         <name>__mspabi_slll_8</name>
         <value>0xfc0c</value>
         <object_component_ref idref="oc-287"/>
      </symbol>
      <symbol id="sm-419">
         <name>__mspabi_slll_7</name>
         <value>0xfc10</value>
         <object_component_ref idref="oc-287"/>
      </symbol>
      <symbol id="sm-41a">
         <name>__mspabi_slll_6</name>
         <value>0xfc14</value>
         <object_component_ref idref="oc-287"/>
      </symbol>
      <symbol id="sm-41b">
         <name>__mspabi_slll_5</name>
         <value>0xfc18</value>
         <object_component_ref idref="oc-287"/>
      </symbol>
      <symbol id="sm-41c">
         <name>__mspabi_slll_4</name>
         <value>0xfc1c</value>
         <object_component_ref idref="oc-287"/>
      </symbol>
      <symbol id="sm-41d">
         <name>__mspabi_slll_3</name>
         <value>0xfc20</value>
         <object_component_ref idref="oc-287"/>
      </symbol>
      <symbol id="sm-41e">
         <name>__mspabi_slll_2</name>
         <value>0xfc24</value>
         <object_component_ref idref="oc-287"/>
      </symbol>
      <symbol id="sm-41f">
         <name>__mspabi_slll_1</name>
         <value>0xfc28</value>
         <object_component_ref idref="oc-287"/>
      </symbol>
      <symbol id="sm-420">
         <name>__mspabi_slll</name>
         <value>0xfe5c</value>
         <object_component_ref idref="oc-2c4"/>
      </symbol>
      <symbol id="sm-421">
         <name>__mspabi_slll_15</name>
         <value>0xfbf0</value>
         <object_component_ref idref="oc-287"/>
      </symbol>
      <symbol id="sm-422">
         <name>__mspabi_slll_14</name>
         <value>0xfbf4</value>
         <object_component_ref idref="oc-287"/>
      </symbol>
      <symbol id="sm-423">
         <name>__mspabi_slll_13</name>
         <value>0xfbf8</value>
         <object_component_ref idref="oc-287"/>
      </symbol>
      <symbol id="sm-424">
         <name>__mspabi_slll_12</name>
         <value>0xfbfc</value>
         <object_component_ref idref="oc-287"/>
      </symbol>
      <symbol id="sm-425">
         <name>__mspabi_slll_11</name>
         <value>0xfc00</value>
         <object_component_ref idref="oc-287"/>
      </symbol>
      <symbol id="sm-426">
         <name>__mspabi_slll_10</name>
         <value>0xfc04</value>
         <object_component_ref idref="oc-287"/>
      </symbol>
      <symbol id="sm-42e">
         <name>__mspabi_srli_8</name>
         <value>0xfb90</value>
         <object_component_ref idref="oc-fa"/>
      </symbol>
      <symbol id="sm-42f">
         <name>__mspabi_srli_9</name>
         <value>0xfb8c</value>
         <object_component_ref idref="oc-fa"/>
      </symbol>
      <symbol id="sm-430">
         <name>__mspabi_srli_6</name>
         <value>0xfb98</value>
         <object_component_ref idref="oc-fa"/>
      </symbol>
      <symbol id="sm-431">
         <name>__mspabi_srli_7</name>
         <value>0xfb94</value>
         <object_component_ref idref="oc-fa"/>
      </symbol>
      <symbol id="sm-432">
         <name>__mspabi_srli_4</name>
         <value>0xfba0</value>
         <object_component_ref idref="oc-fa"/>
      </symbol>
      <symbol id="sm-433">
         <name>__mspabi_srli_5</name>
         <value>0xfb9c</value>
         <object_component_ref idref="oc-fa"/>
      </symbol>
      <symbol id="sm-434">
         <name>__mspabi_srli_2</name>
         <value>0xfba8</value>
         <object_component_ref idref="oc-fa"/>
      </symbol>
      <symbol id="sm-435">
         <name>__mspabi_srli_3</name>
         <value>0xfba4</value>
         <object_component_ref idref="oc-fa"/>
      </symbol>
      <symbol id="sm-436">
         <name>__mspabi_srli_1</name>
         <value>0xfbac</value>
         <object_component_ref idref="oc-fa"/>
      </symbol>
      <symbol id="sm-437">
         <name>__mspabi_srli</name>
         <value>0xfb66</value>
         <object_component_ref idref="oc-fa"/>
      </symbol>
      <symbol id="sm-438">
         <name>__mspabi_srli_15</name>
         <value>0xfb74</value>
         <object_component_ref idref="oc-fa"/>
      </symbol>
      <symbol id="sm-439">
         <name>__mspabi_srli_14</name>
         <value>0xfb78</value>
         <object_component_ref idref="oc-fa"/>
      </symbol>
      <symbol id="sm-43a">
         <name>__mspabi_srli_13</name>
         <value>0xfb7c</value>
         <object_component_ref idref="oc-fa"/>
      </symbol>
      <symbol id="sm-43b">
         <name>__mspabi_srli_12</name>
         <value>0xfb80</value>
         <object_component_ref idref="oc-fa"/>
      </symbol>
      <symbol id="sm-43c">
         <name>__mspabi_srli_11</name>
         <value>0xfb84</value>
         <object_component_ref idref="oc-fa"/>
      </symbol>
      <symbol id="sm-43d">
         <name>__mspabi_srli_10</name>
         <value>0xfb88</value>
         <object_component_ref idref="oc-fa"/>
      </symbol>
      <symbol id="sm-44d">
         <name>__mspabi_srll_8</name>
         <value>0xfada</value>
         <object_component_ref idref="oc-28c"/>
      </symbol>
      <symbol id="sm-44e">
         <name>__mspabi_srll_9</name>
         <value>0xfad4</value>
         <object_component_ref idref="oc-28c"/>
      </symbol>
      <symbol id="sm-44f">
         <name>__mspabi_srll_6</name>
         <value>0xfae6</value>
         <object_component_ref idref="oc-28c"/>
      </symbol>
      <symbol id="sm-450">
         <name>__mspabi_srll_7</name>
         <value>0xfae0</value>
         <object_component_ref idref="oc-28c"/>
      </symbol>
      <symbol id="sm-451">
         <name>__mspabi_srll_4</name>
         <value>0xfaf2</value>
         <object_component_ref idref="oc-28c"/>
      </symbol>
      <symbol id="sm-452">
         <name>__mspabi_srll_5</name>
         <value>0xfaec</value>
         <object_component_ref idref="oc-28c"/>
      </symbol>
      <symbol id="sm-453">
         <name>__mspabi_srll_2</name>
         <value>0xfafe</value>
         <object_component_ref idref="oc-28c"/>
      </symbol>
      <symbol id="sm-454">
         <name>__mspabi_srll_3</name>
         <value>0xfaf8</value>
         <object_component_ref idref="oc-28c"/>
      </symbol>
      <symbol id="sm-455">
         <name>__mspabi_srll_1</name>
         <value>0xfb04</value>
         <object_component_ref idref="oc-28c"/>
      </symbol>
      <symbol id="sm-456">
         <name>__mspabi_srll_15</name>
         <value>0xfab0</value>
         <object_component_ref idref="oc-28c"/>
      </symbol>
      <symbol id="sm-457">
         <name>__mspabi_srll_14</name>
         <value>0xfab6</value>
         <object_component_ref idref="oc-28c"/>
      </symbol>
      <symbol id="sm-458">
         <name>__mspabi_srll_13</name>
         <value>0xfabc</value>
         <object_component_ref idref="oc-28c"/>
      </symbol>
      <symbol id="sm-459">
         <name>__mspabi_srll_12</name>
         <value>0xfac2</value>
         <object_component_ref idref="oc-28c"/>
      </symbol>
      <symbol id="sm-45a">
         <name>__mspabi_srll_11</name>
         <value>0xfac8</value>
         <object_component_ref idref="oc-28c"/>
      </symbol>
      <symbol id="sm-45b">
         <name>__mspabi_srll_10</name>
         <value>0xface</value>
         <object_component_ref idref="oc-28c"/>
      </symbol>
      <symbol id="sm-45c">
         <name>__mspabi_srll</name>
         <value>0xfe28</value>
         <object_component_ref idref="oc-2c9"/>
      </symbol>
      <symbol id="sm-46b">
         <name>memcpy</name>
         <value>0xfe3a</value>
         <object_component_ref idref="oc-10f"/>
      </symbol>
      <symbol id="sm-48e">
         <name>__mspabi_mpyd</name>
         <value>0xe798</value>
         <object_component_ref idref="oc-23f"/>
      </symbol>
      <symbol id="sm-498">
         <name>__mspabi_mpyi_sw</name>
         <value>0xfdf0</value>
         <object_component_ref idref="oc-1fc"/>
      </symbol>
      <symbol id="sm-499">
         <name>__mspabi_mpyi</name>
         <value>0xfdf0</value>
         <object_component_ref idref="oc-1fc"/>
      </symbol>
      <symbol id="sm-4a3">
         <name>__mspabi_mpyl_sw</name>
         <value>0xfd64</value>
         <object_component_ref idref="oc-309"/>
      </symbol>
      <symbol id="sm-4a4">
         <name>__mspabi_mpyl</name>
         <value>0xfd64</value>
         <object_component_ref idref="oc-309"/>
      </symbol>
      <symbol id="sm-4ad">
         <name>__mspabi_negd</name>
         <value>0xfd3a</value>
         <object_component_ref idref="oc-2d4"/>
      </symbol>
      <symbol id="sm-4b6">
         <name>_system_pre_init</name>
         <value>0xfea4</value>
         <object_component_ref idref="oc-12e"/>
      </symbol>
      <symbol id="sm-4c9">
         <name>__TI_renormd</name>
         <value>0xf61a</value>
         <object_component_ref idref="oc-312"/>
      </symbol>
      <symbol id="sm-4e6">
         <name>scalbn</name>
         <value>0xf098</value>
         <object_component_ref idref="oc-2e9"/>
      </symbol>
      <symbol id="sm-4e7">
         <name>scalbnl</name>
         <value>0xf098</value>
         <object_component_ref idref="oc-2e9"/>
      </symbol>
      <symbol id="sm-4e8">
         <name>ldexpl</name>
         <value>0xf098</value>
         <object_component_ref idref="oc-2e9"/>
      </symbol>
      <symbol id="sm-4e9">
         <name>ldexp</name>
         <value>0xf098</value>
         <object_component_ref idref="oc-2e9"/>
      </symbol>
      <symbol id="sm-4f2">
         <name>__mspabi_subd</name>
         <value>0xfc2e</value>
         <object_component_ref idref="oc-245"/>
      </symbol>
      <symbol id="sm-504">
         <name>__mspabi_sral</name>
         <value>0xfe4c</value>
         <object_component_ref idref="oc-2bf"/>
      </symbol>
      <symbol id="sm-505">
         <name>__mspabi_sral_15</name>
         <value>0xfbb2</value>
         <object_component_ref idref="oc-2f3"/>
      </symbol>
      <symbol id="sm-506">
         <name>__mspabi_sral_14</name>
         <value>0xfbb6</value>
         <object_component_ref idref="oc-2f3"/>
      </symbol>
      <symbol id="sm-507">
         <name>__mspabi_sral_13</name>
         <value>0xfbba</value>
         <object_component_ref idref="oc-2f3"/>
      </symbol>
      <symbol id="sm-508">
         <name>__mspabi_sral_12</name>
         <value>0xfbbe</value>
         <object_component_ref idref="oc-2f3"/>
      </symbol>
      <symbol id="sm-509">
         <name>__mspabi_sral_11</name>
         <value>0xfbc2</value>
         <object_component_ref idref="oc-2f3"/>
      </symbol>
      <symbol id="sm-50a">
         <name>__mspabi_sral_10</name>
         <value>0xfbc6</value>
         <object_component_ref idref="oc-2f3"/>
      </symbol>
      <symbol id="sm-50b">
         <name>__mspabi_sral_8</name>
         <value>0xfbce</value>
         <object_component_ref idref="oc-2f3"/>
      </symbol>
      <symbol id="sm-50c">
         <name>__mspabi_sral_9</name>
         <value>0xfbca</value>
         <object_component_ref idref="oc-2f3"/>
      </symbol>
      <symbol id="sm-50d">
         <name>__mspabi_sral_6</name>
         <value>0xfbd6</value>
         <object_component_ref idref="oc-2f3"/>
      </symbol>
      <symbol id="sm-50e">
         <name>__mspabi_sral_7</name>
         <value>0xfbd2</value>
         <object_component_ref idref="oc-2f3"/>
      </symbol>
      <symbol id="sm-50f">
         <name>__mspabi_sral_4</name>
         <value>0xfbde</value>
         <object_component_ref idref="oc-2f3"/>
      </symbol>
      <symbol id="sm-510">
         <name>__mspabi_sral_5</name>
         <value>0xfbda</value>
         <object_component_ref idref="oc-2f3"/>
      </symbol>
      <symbol id="sm-511">
         <name>__mspabi_sral_2</name>
         <value>0xfbe6</value>
         <object_component_ref idref="oc-2f3"/>
      </symbol>
      <symbol id="sm-512">
         <name>__mspabi_sral_3</name>
         <value>0xfbe2</value>
         <object_component_ref idref="oc-2f3"/>
      </symbol>
      <symbol id="sm-513">
         <name>__mspabi_sral_1</name>
         <value>0xfbea</value>
         <object_component_ref idref="oc-2f3"/>
      </symbol>
      <symbol id="sm-52f">
         <name>_auto_init</name>
         <value>0xfa42</value>
         <object_component_ref idref="oc-134"/>
      </symbol>
      <symbol id="sm-549">
         <name>__mspabi_cmpd</name>
         <value>0xf47a</value>
         <object_component_ref idref="oc-2e3"/>
      </symbol>
      <symbol id="sm-55f">
         <name>copy_in</name>
         <value>0xfb0c</value>
         <object_component_ref idref="oc-191"/>
      </symbol>
      <symbol id="sm-56f">
         <name>__TI_frcmpyd</name>
         <value>0xe512</value>
         <object_component_ref idref="oc-2a6"/>
      </symbol>
      <symbol id="sm-578">
         <name>copysign</name>
         <value>0xfc5c</value>
         <object_component_ref idref="oc-32d"/>
      </symbol>
      <symbol id="sm-579">
         <name>copysignl</name>
         <value>0xfc5c</value>
         <object_component_ref idref="oc-32d"/>
      </symbol>
      <symbol id="sm-582">
         <name>_system_post_cinit</name>
         <value>0xfea8</value>
         <object_component_ref idref="oc-197"/>
      </symbol>
      <symbol id="sm-585">
         <name>__TI_BINIT_Base</name>
         <value>0x0</value>
      </symbol>
      <symbol id="sm-586">
         <name>__TI_BINIT_Limit</name>
         <value>0x0</value>
      </symbol>
      <symbol id="sm-587">
         <name>__TI_INITARRAY_Base</name>
         <value>0x0</value>
      </symbol>
      <symbol id="sm-588">
         <name>__TI_INITARRAY_Limit</name>
         <value>0x0</value>
      </symbol>
   </symbol_table>
   <title>Link successful</title>
</link_info>
